// Jest Snapshot v1, https://goo.gl/fbAQLP

exports[`App component renders App 1`] = `
<div
  className="App"
>
  <Header />
  <BrowserRouter>
    <SessionProvider>
      <Switch>
        <Route
          component={[Function]}
          exact={true}
          path="/"
        />
        <Route
          component={[Function]}
          exact={true}
          path="/signup"
        />
        <Route
          component={[Function]}
          path="/login"
        />
      </Switch>
    </SessionProvider>
  </BrowserRouter>
  <Footer />
</div>
`;
